(DEFUN TEST-FUNCTION)
/home/aidenn/glisp/test/utility-tests/test-project/test.lisp
54
