(declaim (optimize (debug 3)))
(in-package :cl-user)
(defun test-function ()
  3)